=== PROBANDO FERIADOS 2026 ===

Query SQL:
select * from `feriados` where `activo` = ? and (year(`fecha`) = ? or `es_recurrente` = ?)

Total feriados encontrados: 14

ID: 12
Nombre: Año Nuevo
Fecha: 2025-01-01 00:00:00
Tipo: nacional
Sede ID: 
Recurrente: Sí
Activo: Sí
---
ID: 40
Nombre: FERIAO POR AÑO NUEVO
Fecha: 2026-01-02 00:00:00
Tipo: nacional
Sede ID: 
Recurrente: No
Activo: Sí
---
ID: 41
Nombre: FERIADO CARNAVAL
Fecha: 2026-02-16 00:00:00
Tipo: nacional
Sede ID: 
Recurrente: Sí
Activo: Sí
---
ID: 42
Nombre: FERIADO CARNAVAL
Fecha: 2026-02-17 00:00:00
Tipo: nacional
Sede ID: 
Recurrente: Sí
Activo: Sí
---
ID: 43
Nombre: ESTADO PLURINACIONAL
Fecha: 2026-01-23 00:00:00
Tipo: nacional
Sede ID: 
Recurrente: No
Activo: Sí
---
ID: 44
Nombre: VIERNES SANTO
Fecha: 2026-04-03 00:00:00
Tipo: nacional
Sede ID: 
Recurrente: No
Activo: Sí
---
ID: 45
Nombre: DIA DEL TRABAJO
Fecha: 2026-05-01 00:00:00
Tipo: nacional
Sede ID: 
Recurrente: Sí
Activo: Sí
---
ID: 46
Nombre: CORPUS CRISTI
Fecha: 2026-06-04 00:00:00
Tipo: nacional
Sede ID: 
Recurrente: No
Activo: Sí
---
ID: 47
Nombre: CORPUS CRISTI POR DECRETO
Fecha: 2026-06-05 00:00:00
Tipo: nacional
Sede ID: 
Recurrente: No
Activo: Sí
---
ID: 48
Nombre: AÑO NUEVO ANDINO AMAZONICO CHAQUEÑO
Fecha: 2026-06-22 00:00:00
Tipo: nacional
Sede ID: 
Recurrente: No
Activo: Sí
---
ID: 49
Nombre: DIA DE LA INDEPENDENCIA DE BOLIVIA
Fecha: 2026-08-06 00:00:00
Tipo: nacional
Sede ID: 
Recurrente: Sí
Activo: Sí
---
ID: 50
Nombre: DIA DE LA INDEPENDENCIA DE BOLIVIA POR DECRETO
Fecha: 2026-08-07 00:00:00
Tipo: nacional
Sede ID: 
Recurrente: No
Activo: Sí
---
ID: 51
Nombre: DIA DE TODOS SANTOS
Fecha: 2026-11-02 00:00:00
Tipo: nacional
Sede ID: 
Recurrente: Sí
Activo: Sí
---
ID: 52
Nombre: NAVIDAD
Fecha: 2026-12-25 00:00:00
Tipo: nacional
Sede ID: 
Recurrente: Sí
Activo: Sí
---

=== CON FILTRO DE SEDE (incluir_nacionales=true) ===

Query SQL con sede:
select * from `feriados` where `activo` = ? and (year(`fecha`) = ? or `es_recurrente` = ?) and (`tipo` = ? or `sede_id` = ?)

Total feriados con filtro de sede: 14

- Año Nuevo (01/01/2025) - Tipo: nacional
- FERIAO POR AÑO NUEVO (02/01/2026) - Tipo: nacional
- FERIADO CARNAVAL (16/02/2026) - Tipo: nacional
- FERIADO CARNAVAL (17/02/2026) - Tipo: nacional
- ESTADO PLURINACIONAL (23/01/2026) - Tipo: nacional
- VIERNES SANTO (03/04/2026) - Tipo: nacional
- DIA DEL TRABAJO (01/05/2026) - Tipo: nacional
- CORPUS CRISTI (04/06/2026) - Tipo: nacional
- CORPUS CRISTI POR DECRETO (05/06/2026) - Tipo: nacional
- AÑO NUEVO ANDINO AMAZONICO CHAQUEÑO (22/06/2026) - Tipo: nacional
- DIA DE LA INDEPENDENCIA DE BOLIVIA (06/08/2026) - Tipo: nacional
- DIA DE LA INDEPENDENCIA DE BOLIVIA POR DECRETO (07/08/2026) - Tipo: nacional
- DIA DE TODOS SANTOS (02/11/2026) - Tipo: nacional
- NAVIDAD (25/12/2026) - Tipo: nacional
